<html>
<body>
<pre>
<h1>µVision Build Log</h1>
<h2>Tool Versions:</h2>
IDE-Version: µVision V5.37.0.0
Copyright (C) 2022 ARM Ltd and ARM Germany GmbH. All rights reserved.
License Information: Cioba Bogdan, acad, LIC=----
 
Tool Versions:
Toolchain:       MDK-Lite  Version: 5.37.0.0
Toolchain Path:  C:\Keil_v5\ARM\ARMCLANG\Bin
C Compiler:      ArmClang.exe V6.18
Assembler:       Armasm.exe V6.18
Linker/Locator:  ArmLink.exe V6.18
Library Manager: ArmAr.exe V6.18
Hex Converter:   FromElf.exe V6.18
CPU DLL:         SARMCM3.DLL V5.37.0.0
Dialog DLL:      DARMCM1.DLL V1.19.6.0
Target DLL:      CMSIS_AGDI.dll V1.33.12.0
Dialog DLL:      TARMCM1.DLL V1.14.6.0
 
<h2>Project:</h2>
C:\Users\cioba\Desktop\Proiect-micro\project.uvprojx
Project File Date:  01/08/2024

<h2>Output:</h2>
*** Using Compiler 'V6.18', folder: 'C:\Keil_v5\ARM\ARMCLANG\Bin'
Build target 'Target 1'
led.c(1): warning: extra tokens at end of #include directive [-Wextra-tokens]
#include "led.h";
                ^
led.c(2): warning: // comments are not allowed in this language [-Wcomment]
#define RED_LED_PIN (12) // PORT A
                         ^
led.c(14): warning: declaration shadows a variable in the global scope [-Wshadow]
void Control_LEDs(uint8_t state) {
                          ^
led.c(6): note: previous declaration is here
uint8_t state;
        ^
led.c(19): warning: mixing declarations and code is a C99 extension [-Wdeclaration-after-statement]
                int greenStatus = 0;
                    ^
led.c(69): warning: variable declaration in for loop is a C99-specific feature [-Wc99-extensions]
        for(volatile int i=0; i<1000000; i++);  // Delay
            ^
led.c(69): warning: GCC does not allow variable declarations in for loop initializers before C99 [-Wgcc-compat]
led.c(60): warning: function 'Test_LED' could be declared with attribute 'noreturn' [-Wmissing-noreturn]
void Test_LED(void){
                   ^
led.c(97): warning: no newline at end of file [-Wnewline-eof]
}
 ^
led.c(6): warning: no previous extern declaration for non-static variable 'state' [-Wmissing-variable-declarations]
uint8_t state;
        ^
led.c(6): note: declare 'static' if the variable is not intended to be used outside of this translation unit
uint8_t state;
^
9 warnings generated.
compiling led.c...
linking...
Program Size: Code=7708 RO-data=768 RW-data=0 ZI-data=352  
".\Objects\project.axf" - 0 Error(s), 9 Warning(s).

<h2>Software Packages used:</h2>

Package Vendor: ARM
                http://www.keil.com/pack/ARM.CMSIS.5.9.0.pack
                ARM.CMSIS.5.9.0
                CMSIS (Common Microcontroller Software Interface Standard)
   * Component: CORE Version: 5.6.0

Package Vendor: Keil
                https://www.keil.com/pack/Keil.Kinetis_KLxx_DFP.1.15.1.pack
                Keil.Kinetis_KLxx_DFP.1.15.1
                NXP Kinetis KLxx Series Device Support and Examples
   * Component: Startup Version: 2.5.0

<h2>Collection of Component include folders:</h2>
  ./RTE/Device/MKL25Z128xxx4
  ./RTE/_Target_1
  C:/Users/cioba/AppData/Local/Arm/Packs/ARM/CMSIS/5.9.0/CMSIS/Core/Include
  C:/Users/cioba/AppData/Local/Arm/Packs/Keil/Kinetis_KLxx_DFP/1.15.1/Device/Include

<h2>Collection of Component Files used:</h2>

   * Component: ARM::CMSIS:CORE:5.6.0

   * Component: Keil::Device:Startup:2.5.0
      Source file:   Device/Source/ARM/startup_MKL25Z4.s
      Source file:   Device/Source/system_MKL25Z4.c
      Include file:  Device/Source/system_MKL25Z4.h
Build Time Elapsed:  00:00:01
</pre>
</body>
</html>
