<html>
<body>
<pre>
<h1>µVision Build Log</h1>
<h2>Tool Versions:</h2>
IDE-Version: µVision V5.37.0.0
Copyright (C) 2022 ARM Ltd and ARM Germany GmbH. All rights reserved.
License Information: Cioba Bogdan, acad, LIC=----
 
Tool Versions:
Toolchain:       MDK-Lite  Version: 5.37.0.0
Toolchain Path:  C:\Keil_v5\ARM\ARMCLANG\Bin
C Compiler:      ArmClang.exe V6.18
Assembler:       Armasm.exe V6.18
Linker/Locator:  ArmLink.exe V6.18
Library Manager: ArmAr.exe V6.18
Hex Converter:   FromElf.exe V6.18
CPU DLL:         SARMCM3.DLL V5.37.0.0
Dialog DLL:      DARMCM1.DLL V1.19.6.0
Target DLL:      CMSIS_AGDI.dll V1.33.12.0
Dialog DLL:      TARMCM1.DLL V1.14.6.0
 
<h2>Project:</h2>
C:\Users\cioba\Desktop\Proiect-micro\project.uvprojx
Project File Date:  01/16/2024

<h2>Output:</h2>
*** Using Compiler 'V6.18', folder: 'C:\Keil_v5\ARM\ARMCLANG\Bin'
Build target 'Target 1'
main.c(1): warning: In file included from...
./adc.h(9): warning: // comments are not allowed in this language [-Wcomment]
#endif // ADC_H
       ^
main.c(3): warning: In file included from...
./uart.h(9): warning: no newline at end of file [-Wnewline-eof]
void delay_ms(uint32_t milliseconds);
                                     ^
main.c(4): warning: In file included from...
./pit.h(6): warning: no newline at end of file [-Wnewline-eof]
void PIT_IRQHandler(void);
                          ^
main.c(11): warning: // comments are not allowed in this language [-Wcomment]
    // Initialize modules
    ^
main.c(22): warning: mixing declarations and code is a C99 extension [-Wdeclaration-after-statement]
    uint8_t adcValue;
            ^
main.c(61): warning: 'return' will never be executed [-Wunreachable-code-return]
    return 0;
           ^
6 warnings generated.
compiling main.c...
linking...
Program Size: Code=8524 RO-data=784 RW-data=4 ZI-data=352  
".\Objects\project.axf" - 0 Error(s), 6 Warning(s).

<h2>Software Packages used:</h2>

Package Vendor: ARM
                http://www.keil.com/pack/ARM.CMSIS.5.9.0.pack
                ARM.CMSIS.5.9.0
                CMSIS (Common Microcontroller Software Interface Standard)
   * Component: CORE Version: 5.6.0

Package Vendor: Keil
                https://www.keil.com/pack/Keil.Kinetis_KLxx_DFP.1.15.1.pack
                Keil.Kinetis_KLxx_DFP.1.15.1
                NXP Kinetis KLxx Series Device Support and Examples
   * Component: Startup Version: 2.5.0

<h2>Collection of Component include folders:</h2>
  ./RTE/Device/MKL25Z128xxx4
  ./RTE/_Target_1
  C:/Users/cioba/AppData/Local/Arm/Packs/ARM/CMSIS/5.9.0/CMSIS/Core/Include
  C:/Users/cioba/AppData/Local/Arm/Packs/Keil/Kinetis_KLxx_DFP/1.15.1/Device/Include

<h2>Collection of Component Files used:</h2>

   * Component: ARM::CMSIS:CORE:5.6.0

   * Component: Keil::Device:Startup:2.5.0
      Source file:   Device/Source/system_MKL25Z4.c
      Include file:  Device/Source/system_MKL25Z4.h
      Source file:   Device/Source/ARM/startup_MKL25Z4.s
Build Time Elapsed:  00:00:01
</pre>
</body>
</html>
